[sunwifhatontron.com/index.html]
[backblue.gif]
[fade.gif]
[index.html]
[sunwifhatontron.com/wp-content/plugins/elementor/assets/css/frontend-lite.mind5d5.css]
[sunwifhatontron.com/feed/index.html]
[sunwifhatontron.com/comments/feed/index.html]
[sunwifhatontron.com/wp-content/plugins/elementor/assets/lib/swiper/v8/css/swiper.min94a4.css]
[sunwifhatontron.com/wp-content/uploads/elementor/css/post-55161.css]
[sunwifhatontron.com/wp-content/uploads/elementor/css/global65f1.css]
[sunwifhatontron.com/wp-content/uploads/elementor/css/post-68da2.css]
[sunwifhatontron.com/wp-content/themes/hello-elementor/style.minb12b.css]
[sunwifhatontron.com/wp-content/themes/hello-elementor/theme.minb12b.css]
[sunwifhatontron.com/wp-content/themes/hello-elementor/header-footer.minb12b.css]
[sunwifhatontron.com/wp-content/plugins/royal-elementor-addons/assets/css/lib/animations/text-animations.minf0d1.css]
[sunwifhatontron.com/wp-content/plugins/royal-elementor-addons/assets/css/frontend.minf0d1.css]
[sunwifhatontron.com/wp-content/plugins/elementor/assets/lib/font-awesome/css/all.minf0d1.css]
[sunwifhatontron.com/wp-includes/js/jquery/jquery.minf43b.js]
[sunwifhatontron.com/wp-includes/js/jquery/jquery-migrate.min5589.js]
[sunwifhatontron.com/wp-json/wp/v2/pages/6.html]
[sunwifhatontron.com/xmlrpc0db0.html]
[sunwifhatontron.com/wp-json/oembed/1.0/embed7e6e.json]
[sunwifhatontron.com/wp-json/index.html]
[sunwifhatontron.com/wp-json/oembed/1.0/embedb556.html]
[sunwifhatontron.com/wp-content/uploads/2024/08/cropped-IMG_20240822_015946_536-32x32.png]
[sunwifhatontron.com/wp-content/uploads/2024/08/cropped-IMG_20240822_015946_536-192x192.png]
[sunwifhatontron.com/wp-content/uploads/2024/08/cropped-IMG_20240822_015946_536-180x180.png]
[test.monkebusiness.io/wp-content/uploads/2024/08/IMG_20240822_015946_536.png]
[test.monkebusiness.io/wp-content/uploads/2024/07/coinmarketcap-logo-064D167A0E-seeklogo.com_.png]
[test.monkebusiness.io/wp-content/uploads/2024/07/bec9b33d6638ff927a96d0e93546a056.png]
[test.monkebusiness.io/wp-content/uploads/2024/07/5866.png]
[test.monkebusiness.io/wp-content/uploads/2024/07/f5wu4ooxi93bfppdavik5mwzxbtm.png]
[sunwifhatontron.com/wp-content/uploads/2024/08/sungraphic-1-709x1024.jpg]
[sunwifhatontron.com/wp-content/uploads/2024/08/Captura_de_tela_2024-08-21_232208-removebg-preview.png]
[sunwifhatontron.com/wp-content/uploads/2024/08/japa-2-final.png]
[sunwifhatontron.com/wp-content/uploads/2024/08/japa-3-final.png]
[sunwifhatontron.com/wp-content/uploads/2024/08/japa-final.png]
[sunwifhatontron.com/wp-content/uploads/2024/08/japa-5-final.png]
[sunwifhatontron.com/wp-content/uploads/2024/08/6208439277671529877.jpg]
[sunwifhatontron.com/wp-content/uploads/2024/08/japa-4-final-.png]
[sunwifhatontron.com/wp-content/uploads/2024/08/6208439277671529878.jpg]
[sunwifhatontron.com/wp-content/uploads/2024/08/6208439277671529879.jpg]
[sunwifhatontron.com/wp-content/uploads/2024/08/6208439277671529875.jpg]
[sunwifhatontron.com/wp-content/uploads/2024/08/6208439277671529876.jpg]
[sunwifhatontron.com/wp-content/uploads/2024/08/6208439277671529880.jpg]
[sunwifhatontron.com/wp-content/uploads/2024/08/6208439277671529881.jpg]
[sunwifhatontron.com/wp-content/uploads/2024/08/6208439277671529882-1-1.jpg]
[test.monkebusiness.io/wp-content/uploads/2024/08/SunWifTwit.png]
[sunwifhatontron.com/wp-content/plugins/elementor/assets/lib/animations/animations.mind5d5.css]
[sunwifhatontron.com/wp-content/plugins/royal-elementor-addons/assets/css/lib/animations/wpr-link-animations.minf0d1.css]
[sunwifhatontron.com/wp-content/plugins/royal-elementor-addons/assets/css/lib/animations/button-animations.minf0d1.css]
[sunwifhatontron.com/wp-content/plugins/royal-elementor-addons/assets/css/lib/animations/wpr-animations.minf0d1.css]
[sunwifhatontron.com/wp-content/plugins/royal-elementor-addons/assets/css/lib/animations/loading-animations.minf0d1.css]
[sunwifhatontron.com/wp-content/plugins/royal-elementor-addons/assets/css/lib/lightgallery/lightgallery.minf0d1.css]
[sunwifhatontron.com/wp-content/plugins/royal-elementor-addons/assets/js/lib/particles/particles7c45.js]
[sunwifhatontron.com/wp-content/plugins/royal-elementor-addons/assets/js/lib/jarallax/jarallax.minf184.js]
[sunwifhatontron.com/wp-content/plugins/royal-elementor-addons/assets/js/lib/parallax/parallax.min5152.js]
[sunwifhatontron.com/wp-content/themes/hello-elementor/assets/js/hello-frontend.minb12b.js]
[sunwifhatontron.com/wp-content/plugins/elementor/assets/lib/jquery-numerator/jquery-numerator.min3958.js]
[sunwifhatontron.com/wp-content/plugins/royal-elementor-addons/assets/js/lib/slick/slick.minc245.js]
[sunwifhatontron.com/wp-content/plugins/royal-elementor-addons/assets/js/lib/isotope/isotope.min6173.js]
[sunwifhatontron.com/wp-content/plugins/royal-elementor-addons/assets/js/lib/lightgallery/lightgallery.mind203.js]
[sunwifhatontron.com/wp-content/plugins/elementor/assets/js/webpack.runtime.mind5d5.js]
[sunwifhatontron.com/wp-content/plugins/elementor/assets/js/frontend-modules.mind5d5.js]
[sunwifhatontron.com/wp-content/plugins/elementor/assets/lib/waypoints/waypoints.min05da.js]
[sunwifhatontron.com/wp-includes/js/jquery/ui/core.minb37e.js]
[sunwifhatontron.com/wp-content/plugins/elementor/assets/js/frontend.mind5d5.js]
[sunwifhatontron.com/wp-content/plugins/royal-elementor-addons/assets/js/frontend.minf0d1.js]
[sunwifhatontron.com/index.html]
[sunwifhatontron.com/wp-content/plugins/elementor/assets/css/frontend-lite.mind5d5.css]
[sunwifhatontron.com/wp-content/plugins/elementor/assets/lib/swiper/v8/css/swiper.min94a4.css]
[sunwifhatontron.com/wp-content/uploads/elementor/css/post-55161.css]
[sunwifhatontron.com/wp-content/uploads/elementor/css/global65f1.css]
[sunwifhatontron.com/wp-content/plugins/royal-elementor-addons/assets/js/modal-popups.minf0d1.js]
[sunwifhatontron.com/wp-content/uploads/elementor/css/post-68da2.css]
[sunwifhatontron.com/wp-content/themes/hello-elementor/style.minb12b.css]
[sunwifhatontron.com/wp-content/themes/hello-elementor/theme.minb12b.css]
[sunwifhatontron.com/wp-content/themes/hello-elementor/header-footer.minb12b.css]
[sunwifhatontron.com/wp-content/plugins/royal-elementor-addons/assets/css/lib/animations/text-animations.minf0d1.css]
[sunwifhatontron.com/wp-content/plugins/royal-elementor-addons/assets/css/frontend.minf0d1.css]
[sunwifhatontron.com/wp-content/plugins/elementor/assets/lib/font-awesome/webfonts/fa-brands-400.html]
[sunwifhatontron.com/wp-content/plugins/elementor/assets/lib/font-awesome/webfonts/fa-brands-400d41d.html]
[sunwifhatontron.com/wp-content/plugins/elementor/assets/lib/font-awesome/webfonts/fa-brands-400.woff2]
[sunwifhatontron.com/wp-content/plugins/elementor/assets/lib/font-awesome/webfonts/fa-brands-400.woff]
[sunwifhatontron.com/wp-content/plugins/elementor/assets/lib/font-awesome/webfonts/fa-brands-400.ttf]
[sunwifhatontron.com/wp-content/plugins/elementor/assets/lib/font-awesome/webfonts/fa-brands-400.svg]
[sunwifhatontron.com/wp-content/plugins/elementor/assets/lib/font-awesome/css/all.minf0d1.css]
[sunwifhatontron.com/wp-includes/js/jquery/jquery.minf43b.js]
[sunwifhatontron.com/wp-includes/js/jquery/jquery-migrate.min5589.js]
[www.recaptcha.net/recaptcha/api85f1.js]
[sunwifhatontron.com/wp-json/index.html]
[sunwifhatontron.com/wp-json/wp/v2/pages/6.html]
[sunwifhatontron.com/xmlrpc0db0.html]
[sunwifhatontron.com/wp-json/oembed/1.0/embedb556.html]
[sunwifhatontron.com/wp-content/plugins/elementor/assets/lib/animations/animations.mind5d5.css]
[sunwifhatontron.com/wp-content/plugins/royal-elementor-addons/assets/css/lib/animations/wpr-link-animations.minf0d1.css]
[sunwifhatontron.com/wp-content/plugins/royal-elementor-addons/assets/css/lib/animations/button-animations.minf0d1.css]
[sunwifhatontron.com/wp-content/plugins/royal-elementor-addons/assets/css/lib/animations/wpr-animations.minf0d1.css]
[sunwifhatontron.com/wp-content/plugins/royal-elementor-addons/assets/css/lib/animations/loading-animations.minf0d1.css]
[sunwifhatontron.com/wp-content/plugins/royal-elementor-addons/assets/css/lib/lightgallery/lightgallery.minf0d1.css]
[sunwifhatontron.com/wp-content/plugins/royal-elementor-addons/assets/js/lib/particles/particles7c45.js]
[sunwifhatontron.com/wp-content/plugins/royal-elementor-addons/assets/js/lib/jarallax/jarallax.minf184.js]
[sunwifhatontron.com/wp-content/plugins/royal-elementor-addons/assets/js/lib/parallax/parallax.min5152.js]
[sunwifhatontron.com/wp-content/themes/hello-elementor/assets/js/hello-frontend.minb12b.js]
[sunwifhatontron.com/wp-content/plugins/elementor/assets/lib/jquery-numerator/jquery-numerator.min3958.js]
[sunwifhatontron.com/wp-content/plugins/royal-elementor-addons/assets/js/lib/isotope/isotope.min6173.js]
[sunwifhatontron.com/wp-content/plugins/royal-elementor-addons/assets/js/lib/slick/slick.minc245.js]
[sunwifhatontron.com/wp-content/plugins/royal-elementor-addons/assets/js/lib/lightgallery/lightgallery.mind203.js]
[sunwifhatontron.com/wp-content/plugins/elementor/assets/js/webpack.runtime.mind5d5.js]
[sunwifhatontron.com/wp-content/plugins/elementor/assets/js/frontend-modules.mind5d5.js]
[sunwifhatontron.com/wp-content/plugins/elementor/assets/lib/waypoints/waypoints.min05da.js]
[sunwifhatontron.com/wp-includes/js/jquery/ui/core.minb37e.js]
[sunwifhatontron.com/wp-content/plugins/elementor/assets/js/frontend.mind5d5.js]
[connect.facebook.net/en_US/sdk.js]
[www.google.com/recaptcha/api3398.js]
[sunwifhatontron.com/wp-content/plugins/royal-elementor-addons/assets/js/frontend.minf0d1.js]
[sunwifhatontron.com/wp-content/plugins/royal-elementor-addons/assets/js/modal-popups.minf0d1.js]
[sunwifhatontron.com/wp-content/plugins/elementor/assets/lib/font-awesome/webfonts/fa-brands-400.html]
[sunwifhatontron.com/wp-content/plugins/elementor/assets/lib/font-awesome/webfonts/fa-brands-400d41d.html]
[sunwifhatontron.com/wp-content/plugins/elementor/assets/lib/font-awesome/webfonts/fa-brands-400.svg]
[sunwifhatontron.com/wp-content/plugins/elementor/assets/lib/font-awesome/webfonts/fa-regular-400.html]
[connect.facebook.net/en_US/sdk.js]
[sunwifhatontron.com/wp-content/plugins/elementor/assets/lib/font-awesome/webfonts/fa-regular-400d41d.eot]
[sunwifhatontron.com/wp-content/plugins/elementor/assets/lib/font-awesome/webfonts/fa-regular-400.woff2]
[sunwifhatontron.com/wp-content/plugins/elementor/assets/lib/font-awesome/webfonts/fa-regular-400.woff]
[sunwifhatontron.com/wp-content/plugins/elementor/assets/lib/font-awesome/webfonts/fa-regular-400.ttf]
[sunwifhatontron.com/wp-content/plugins/elementor/assets/lib/font-awesome/webfonts/fa-regular-400.svg]
[sunwifhatontron.com/wp-content/plugins/elementor/assets/lib/font-awesome/webfonts/fa-solid-900.eot]
[sunwifhatontron.com/wp-content/plugins/elementor/assets/lib/font-awesome/webfonts/fa-solid-900d41d.eot]
[sunwifhatontron.com/wp-content/plugins/elementor/assets/lib/font-awesome/webfonts/fa-solid-900.woff2]
[sunwifhatontron.com/wp-content/plugins/elementor/assets/lib/font-awesome/webfonts/fa-solid-900.woff]
[sunwifhatontron.com/wp-content/plugins/elementor/assets/lib/font-awesome/webfonts/fa-solid-900.ttf]
[sunwifhatontron.com/wp-content/plugins/elementor/assets/lib/font-awesome/webfonts/fa-solid-900.svg]
[sunwifhatontron.com/wp-content/plugins/royal-elementor-addons/assets/css/lib/lightgallery/fonts/lgd641.eot]
[sunwifhatontron.com/wp-content/plugins/royal-elementor-addons/assets/css/lib/lightgallery/fonts/lgd41d.eot]
[sunwifhatontron.com/wp-content/plugins/royal-elementor-addons/assets/css/lib/lightgallery/fonts/lgd641.woff]
[sunwifhatontron.com/wp-content/plugins/royal-elementor-addons/assets/css/lib/lightgallery/fonts/lgd641.ttf]
[sunwifhatontron.com/wp-content/plugins/royal-elementor-addons/assets/css/lib/lightgallery/fonts/lgd641.svg]
[sunwifhatontron.com/wp-content/plugins/royal-elementor-addons/assets/css/lib/lightgallery/img/vimeo-play.png]
[sunwifhatontron.com/wp-content/plugins/royal-elementor-addons/assets/css/lib/lightgallery/img/video-play.png]
[sunwifhatontron.com/wp-content/plugins/royal-elementor-addons/assets/css/lib/lightgallery/img/youtube-play.png]
[sunwifhatontron.com/wp-content/plugins/royal-elementor-addons/assets/css/lib/lightgallery/img/loading.gif]
[sunwifhatontron.com/GET]
[sunwifhatontron.com/Error pJS - No image.src]
[sunwifhatontron.com/Trident/index.html]
[sunwifhatontron.com/Edge/index.html]
[sunwifhatontron.com/-negative.svg]
[sunwifhatontron.com/OPR/index.html]
[sunwifhatontron.com/r]
